sanity N=4 witness: S = 2.828427124746 (2*sqrt2 = 2.828427124746), per-row TV = [0.10355339 0.10355339 0.10355339 0.10355339]

F* = (sqrt2-1)/4 = 0.103553390593
  N rem best split      max TV_ab   margin F*-TV  verdict
  4   0         () 0.103553390593  -2.775558e-17  PASS
  5   1       (0,) 0.253553390593  -1.500000e-01  FAIL
  6   2     (0, 1) 0.186886723927  -8.333333e-02  FAIL
  7   3  (0, 1, 2) 0.174981962022  -7.142857e-02  FAIL
  8   0         () 0.103553390593  -2.775558e-17  PASS
  9   1       (1,) 0.186886723927  -8.333333e-02  FAIL
 10   2     (0, 1) 0.153553390593  -5.000000e-02  FAIL
 11   3  (0, 1, 2) 0.149007936048  -4.545455e-02  FAIL
 12   0         () 0.103553390593  -2.775558e-17  PASS
 13   1       (1,) 0.161245698286  -5.769231e-02  FAIL
 14   2     (0, 1) 0.139267676308  -3.571429e-02  FAIL
 15   3  (0, 1, 2) 0.136886723927  -3.333333e-02  FAIL
 16   0         () 0.103553390593  -2.775558e-17  PASS
 17   1       (1,) 0.147671037652  -4.411765e-02  FAIL
 18   2     (0, 1) 0.131331168371  -2.777778e-02  FAIL
 19   3  (0, 1, 2) 0.129869180067  -2.631579e-02  FAIL
 20   0         () 0.103553390593  -2.775558e-17  PASS
 21   1       (1,) 0.139267676308  -3.571429e-02  FAIL
 22   2     (0, 1) 0.126280663321  -2.272727e-02  FAIL
 23   3  (0, 1, 2) 0.125292521028  -2.173913e-02  FAIL
 24   0         () 0.103553390593  -2.775558e-17  PASS

6/21 values of N in [4,24] embed with max TV <= F*
failing N: [5, 6, 7, 9, 10, 11, 13, 14, 15, 17, 18, 19, 21, 22, 23]
