N= 4: PASS  S=2.828427124746  tv_max=0.103553390593 (F*=0.103553390593)  ns_max=0.00e+00  p_min=1.464e-01
N= 5: PASS  S=2.828427124746  tv_max=0.103553390593 (F*=0.103553390593)  ns_max=8.33e-17  p_min=9.645e-02
N= 6: PASS  S=2.828427124746  tv_max=0.103553390593 (F*=0.103553390593)  ns_max=0.00e+00  p_min=6.311e-02
N= 7: PASS  S=2.828427124746  tv_max=0.103553390593 (F*=0.103553390593)  ns_max=2.78e-17  p_min=3.930e-02
N= 8: PASS  S=2.828427124746  tv_max=0.103553390593 (F*=0.103553390593)  ns_max=0.00e+00  p_min=7.322e-02
N= 9: PASS  S=2.828427124746  tv_max=0.103553390593 (F*=0.103553390593)  ns_max=5.55e-17  p_min=5.933e-02
N=10: PASS  S=2.828427124746  tv_max=0.103553390593 (F*=0.103553390593)  ns_max=5.55e-17  p_min=4.822e-02
N=11: PASS  S=2.828427124746  tv_max=0.103553390593 (F*=0.103553390593)  ns_max=5.55e-17  p_min=3.913e-02
N=12: PASS  S=2.828427124746  tv_max=0.103553390593 (F*=0.103553390593)  ns_max=5.55e-17  p_min=4.882e-02
N=13: PASS  S=2.828427124746  tv_max=0.103553390593 (F*=0.103553390593)  ns_max=5.55e-17  p_min=4.241e-02
N=14: PASS  S=2.828427124746  tv_max=0.103553390593 (F*=0.103553390593)  ns_max=2.78e-17  p_min=3.691e-02
N=15: PASS  S=2.828427124746  tv_max=0.103553390593 (F*=0.103553390593)  ns_max=5.55e-17  p_min=3.215e-02
N=16: PASS  S=2.828427124746  tv_max=0.103553390593 (F*=0.103553390593)  ns_max=0.00e+00  p_min=3.661e-02
N=17: PASS  S=2.828427124746  tv_max=0.103553390593 (F*=0.103553390593)  ns_max=7.63e-17  p_min=3.294e-02
N=18: PASS  S=2.828427124746  tv_max=0.103553390593 (F*=0.103553390593)  ns_max=5.55e-17  p_min=2.967e-02
N=19: PASS  S=2.828427124746  tv_max=0.103553390593 (F*=0.103553390593)  ns_max=6.25e-17  p_min=2.674e-02
N=20: PASS  S=2.828427124746  tv_max=0.103553390593 (F*=0.103553390593)  ns_max=6.94e-17  p_min=2.929e-02
N=21: PASS  S=2.828427124746  tv_max=0.103553390593 (F*=0.103553390593)  ns_max=6.94e-17  p_min=2.691e-02
N=22: PASS  S=2.828427124746  tv_max=0.103553390593 (F*=0.103553390593)  ns_max=6.25e-17  p_min=2.474e-02
N=23: PASS  S=2.828427124746  tv_max=0.103553390593 (F*=0.103553390593)  ns_max=5.55e-17  p_min=2.277e-02
N=24: PASS  S=2.828427124746  tv_max=0.103553390593 (F*=0.103553390593)  ns_max=1.67e-16  p_min=2.441e-02

ALL PASS
